=== bNpx7gpSqbY
id: bNpx7gpSqbY
title: The single biggest reason why start-ups succeed | Bill Gross | TED
duration: 6.7 min · 1280x720 · 34 scenes
transcript: captions:video.en.vtt → ~/.nybls/store/bNpx7gpSqbY/transcript.txt
budget: 27 image units
scenes: ~/.nybls/store/bNpx7gpSqbY/scenes.json
cost so far: 0 images. Read the transcript first; then request sheets.
=== oQtzvzKP5Q0
id: oQtzvzKP5Q0
title: IMVC 2024 - Assaf Hoogi, Ariel University / Lecture, Slides
duration: 11.3 min · 1280x720 · 11 scenes
transcript: captions:video.en.vtt → ~/.nybls/store/oQtzvzKP5Q0/transcript.txt
budget: 46 image units
scenes: ~/.nybls/store/oQtzvzKP5Q0/scenes.json
cost so far: 0 images. Read the transcript first; then request sheets.
=== 7R-CfL21zIY
id: 7R-CfL21zIY
title: Python Beginner Project Tutorial #1 - Your First Python Project
duration: 25.1 min · 1280x720 · 11 scenes
transcript: captions:video.en.vtt → ~/.nybls/store/7R-CfL21zIY/transcript.txt
budget: 101 image units
scenes: ~/.nybls/store/7R-CfL21zIY/scenes.json
cost so far: 0 images. Read the transcript first; then request sheets.
=== dwwhwVaI6vg
id: dwwhwVaI6vg
title: How To Make Bread At Home | Jamie Oliver
duration: 10.5 min · 1280x720 · 145 scenes
transcript: captions:video.en.vtt → ~/.nybls/store/dwwhwVaI6vg/transcript.txt
budget: 43 image units
scenes: ~/.nybls/store/dwwhwVaI6vg/scenes.json
cost so far: 0 images. Read the transcript first; then request sheets.
=== txspjbMw6ks
id: txspjbMw6ks
title: Relaxing cooking video | No talking | Butter Honey Piccata Steak & Eggs & Potatoes
duration: 16.9 min · 1280x720 · 116 scenes
transcript: captions:video.en.vtt → ~/.nybls/store/txspjbMw6ks/transcript.txt
budget: 68 image units
scenes: ~/.nybls/store/txspjbMw6ks/scenes.json
cost so far: 0 images. Read the transcript first; then request sheets.
=== p09i_hoFdd0
id: p09i_hoFdd0
title: ASMR Programming - Spinning Cube - No Talking
duration: 20.7 min · 1280x720 · 25 scenes
transcript: captions:video.en.vtt → ~/.nybls/store/p09i_hoFdd0/transcript.txt
budget: 83 image units
scenes: ~/.nybls/store/p09i_hoFdd0/scenes.json
cost so far: 0 images. Read the transcript first; then request sheets.
=== WDAmjfQAkvk
id: WDAmjfQAkvk
title: Apple Watch Series 12 Dark Bronze - Unboxing & Review
duration: 10.1 min · 1280x720 · 8 scenes
transcript: whisper:base → ~/.nybls/store/WDAmjfQAkvk/transcript.txt
budget: 41 image units
scenes: ~/.nybls/store/WDAmjfQAkvk/scenes.json
cost so far: 0 images. Read the transcript first; then request sheets.
=== jtl4KKRIheo
id: jtl4KKRIheo
title: iPhone 11 Screen Replacement: Fix Your Cracked Screen!
duration: 6.6 min · 1280x720 · 54 scenes
transcript: captions:video.en.vtt → ~/.nybls/store/jtl4KKRIheo/transcript.txt
budget: 27 image units
scenes: ~/.nybls/store/jtl4KKRIheo/scenes.json
cost so far: 0 images. Read the transcript first; then request sheets.
